[proc] The command: C:\Windows\System32\where.exe clang-cl exited with code: 1
[proc] The command: C:\Windows\System32\where.exe ninja exited with code: 1
[preset] Configure preset x64-release: No toolset architecture specified for cl.exe, using "host=x64" by default
[preset] Using developer environment from Visual Studio (instance ca59bff8, version 17.14.36915.13, installed at "C:\Program Files\Microsoft Visual Studio\2022\Professional")
[proc] Executing command: chcp
[preset] Ninja is not set on PATH, trying to use C:\Program Files\Microsoft Visual Studio\2022\Professional\Common7\IDE\CommonExtensions\Microsoft\CMake\Ninja\ninja.exe
[driver] Switching to configure preset: x64-release
[driver] Switching to build preset: __defaultBuildPreset__
[driver] Switching to test preset: __defaultTestPreset__
[driver] Switching to package preset: __defaultPackagePreset__
[driver] Switching to workflow preset: __defaultWorkflowPreset__
[main] Configuring project: CmakeToolsDevEnv 
[proc] Executing command: "C:\Program Files\Microsoft Visual Studio\2022\Professional\Common7\IDE\CommonExtensions\Microsoft\CMake\CMake\bin\cmake.exe" -DCMAKE_BUILD_TYPE=Release -DCMAKE_C_COMPILER=clang-cl -DCMAKE_CXX_COMPILER=clang-cl -DCMAKE_INSTALL_PREFIX=C:/Users/Rhys/source/repos/CmakeToolsDevEnv/out/install/x64-release -S C:/Users/Rhys/source/repos/CmakeToolsDevEnv -B C:/Users/Rhys/source/repos/CmakeToolsDevEnv/out/build/x64-release -G Ninja
[cmake] -- The C compiler identification is Clang 19.1.5 with MSVC-like command-line
[cmake] -- The CXX compiler identification is Clang 19.1.5 with MSVC-like command-line
[cmake] -- Detecting C compiler ABI info
[cmake] -- Detecting C compiler ABI info - done
[cmake] -- Check for working C compiler: C:/Program Files/Microsoft Visual Studio/2022/Professional/VC/Tools/Llvm/x64/bin/clang-cl.exe - skipped
[cmake] -- Detecting C compile features
[cmake] -- Detecting C compile features - done
[cmake] -- Detecting CXX compiler ABI info
[cmake] -- Detecting CXX compiler ABI info - done
[cmake] -- Check for working CXX compiler: C:/Program Files/Microsoft Visual Studio/2022/Professional/VC/Tools/Llvm/x64/bin/clang-cl.exe - skipped
[cmake] -- Detecting CXX compile features
[cmake] -- Detecting CXX compile features - done
[cmake] -- Configuring done (2.3s)
[cmake] -- Generating done (0.0s)
[cmake] -- Build files have been written to: C:/Users/Rhys/source/repos/CmakeToolsDevEnv/out/build/x64-release
[main] Configuring project: CmakeToolsDevEnv 
[proc] Executing command: "C:\Program Files\Microsoft Visual Studio\2022\Professional\Common7\IDE\CommonExtensions\Microsoft\CMake\CMake\bin\cmake.exe" -DCMAKE_BUILD_TYPE=Release -DCMAKE_C_COMPILER=clang-cl -DCMAKE_CXX_COMPILER=clang-cl -DCMAKE_INSTALL_PREFIX=C:/Users/Rhys/source/repos/CmakeToolsDevEnv/out/install/x64-release -S C:/Users/Rhys/source/repos/CmakeToolsDevEnv -B C:/Users/Rhys/source/repos/CmakeToolsDevEnv/out/build/x64-release -G Ninja
[cmake] -- Configuring done (0.0s)
[cmake] -- Generating done (0.0s)
[cmake] -- Build files have been written to: C:/Users/Rhys/source/repos/CmakeToolsDevEnv/out/build/x64-release
